// Jest Snapshot v1, https://goo.gl/fbAQLP

exports[`Current User Should return invalid credentials 1`] = `
Object {
  "data": undefined,
  "errors": Array [
    [ValidationError: Cannot query field "Query" on type "Query". Did you mean "queryUsers"?],
  ],
  "extensions": undefined,
  "http": Object {
    "headers": Headers {
      Symbol(map): Object {},
    },
  },
}
`;
